Created: Mon Jul 6 2026

###########################################
############ ZED SDK VERSION #############
###########################################

ZED SDK Version (Diag): 5.4.0
ZED SDK Version (RT): 5.4.0

###########################################
############ Linux Uname #############
###########################################

Linux tegra-ubuntu 5.15.148-tegra #1 SMP PREEMPT Thu Jan 16 15:09:55 +09 2025 aarch64 aarch64 aarch64 GNU/Linux

###########################################
############ DMESG [ZEDX] LOG #############
###########################################

[    1.837325] i2c i2c-9: Failed to register i2c client zedx at 0x20 (-16)
[    1.837334] i2c i2c-9: of_i2c: Failure registering /bus@0/cam_i2cmux/i2c@1/zedx_right_1@20
[    1.837340] i2c i2c-9: Failed to create I2C device for /bus@0/cam_i2cmux/i2c@1/zedx_right_1@20
[    1.839869] i2c i2c-10: Failed to register i2c client zedx at 0x20 (-16)
[    1.839876] i2c i2c-10: of_i2c: Failure registering /bus@0/cam_i2cmux/i2c@0/zedx_right_0@20
[    1.839880] i2c i2c-10: Failed to create I2C device for /bus@0/cam_i2cmux/i2c@0/zedx_right_0@20

###########################################
############ DMESG [MAX9x] LOG #############
###########################################

[   13.072912] sl_max9296 9-0048: Driver Version : v1.4.2
[   13.073021] sl_max9296 9-0048: sl_max9296_parse_dt: 'sync_mode' not found, assuming master mode
[   13.073758] sl_max9296 9-0048: write_reg_Dser: addr = 0x10, val = 0x80
[   13.178527] sl_max9296 9-0048: write_reg_Dser: addr = 0x10, val = 0x21
[   13.178594] sl_max9296: probe of 9-0048 failed with error -1
[   13.178696] sl_max9296 10-0048: Driver Version : v1.4.2
[   13.179386] sl_max9296 10-0048: write_reg_Dser: addr = 0x10, val = 0x80
[   13.286441] sl_max9296 10-0048: write_reg_Dser: addr = 0x10, val = 0x21
[   13.286500] sl_max9296: probe of 10-0048 failed with error -1
[   84.570371] sl_max9296 9-0048: Driver Version : v1.4.2
[   84.570470] sl_max9296 9-0048: sl_max9296_parse_dt: 'sync_mode' not found, assuming master mode
[   84.571080] sl_max9296 9-0048: write_reg_Dser: addr = 0x10, val = 0x80
[   84.678719] sl_max9296 9-0048: write_reg_Dser: addr = 0x10, val = 0x21
[   84.678780] sl_max9296: probe of 9-0048 failed with error -1
[   84.678862] sl_max9296 10-0048: Driver Version : v1.4.2
[   84.679502] sl_max9296 10-0048: write_reg_Dser: addr = 0x10, val = 0x80
[   84.786491] sl_max9296 10-0048: write_reg_Dser: addr = 0x10, val = 0x21
[   84.786583] sl_max9296: probe of 10-0048 failed with error -1

###########################################
############ DMESG [PCA] LOG #############
###########################################


###########################################
############ DMESG [DTS] LOG #############
###########################################


###########################################
############ DTB list original  ###########
###########################################

/boot/dtb/kernel_tegra234-p3768-0000+p3767-0000-nv.dtb
/boot/dtb/kernel_tegra234-p3768-0000+p3767-0000-nv-super.dtb

/boot/dtb/disabled:
eup-imx390-fixed.dtb

###########################################
############ DTB list SLabs     ###########
###########################################

board.py
extlinux.py
fio.py
Headers
Jetson
Linux
__pycache__
Utils
zlconfig

###########################################
############ EXTlinux file      ###########
###########################################

TIMEOUT 30
DEFAULT Stereolabs

MENU TITLE L4T boot options

LABEL primary
      MENU LABEL primary kernel
      LINUX /boot/Image
      INITRD /boot/initrd
      APPEND ${cbootargs} root=PARTUUID=6d107070-f543-48ce-b710-69806852a045 rw rootwait rootfstype=ext4 mminit_loglevel=4 console=ttyTCU0,115200 firmware_class.path=/etc/firmware fbcon=map:0 nospectre_bhb video=efifb:off console=tty0 net.ifnames=0 

# When testing a custom kernel, it is recommended that you create a backup of
# the original kernel and add a new entry to this file so that the device can
# fallback to the original kernel. To do this:
#
# 1, Make a backup of the original kernel
#      sudo cp /boot/Image /boot/Image.backup
#
# 2, Copy your custom kernel into /boot/Image
#
# 3, Uncomment below menu setting lines for the original kernel
#
# 4, Reboot

# LABEL backup
#    MENU LABEL backup kernel
#    LINUX /boot/Image.backup
#    INITRD /boot/initrd
#    APPEND ${cbootargs}

LABEL Stereolabs
	MENU LABEL Stereolabs kernel
	LINUX /boot/Image
	FDT /boot/dtb/kernel_tegra234-p3768-0000+p3767-0000-nv-super.dtb
	INITRD /boot/initrd
	APPEND ${cbootargs} root=PARTUUID=6d107070-f543-48ce-b710-69806852a045 rw rootwait rootfstype=ext4 mminit_loglevel=4 console=ttyTCU0,115200 firmware_class.path=/etc/firmware fbcon=map:0 nospectre_bhb video=efifb:off console=tty0 net.ifnames=0
	OVERLAYS /boot/tegra234-p3768-camera-zedlink-mono-sl-overlay.dtbo


###########################################
############ Jetpack      ###########
###########################################

# R36 (release), REVISION: 4.3, GCID: 38968081, BOARD: generic, EABI: aarch64, DATE: Wed Jan  8 01:49:37 UTC 2025
# KERNEL_VARIANT: oot
TARGET_USERSPACE_LIB_DIR=nvidia
TARGET_USERSPACE_LIB_DIR_PATH=usr/lib/aarch64-linux-gnu/nvidia

###########################################
############ Dpkg list      ###########
###########################################

ii  stereolabs-zedlink-mono                           1.4.2-SL-MAX9296-L4T36.4.0                  arm64        NVIDIA Kernel DTB Modified Package by Stereolabs


####################################
############ Driver list ###########
####################################

/usr/lib/modules/5.15.148-tegra/kernel/drivers/stereolabs/max9296/sl_max9296.ko==> exists
/usr/lib/modules/5.15.148-tegra/kernel/drivers/stereolabs/zedx/sl_zedx.ko==> exists
/usr/lib/modules/5.15.148-tegra/kernel/drivers/stereolabs/zedone4k/sl_zedxone_uhd.ko==> exists
/usr/lib/modules/5.15.148-tegra/kernel/drivers/stereolabs/max9295/sl_max9295.ko==> exists

################################################
############ ZEDX Daemon Status LS #############
################################################

● zed_x_daemon.service - ZED-X Daemon service
     Loaded: loaded (/etc/systemd/system/zed_x_daemon.service; enabled; vendor preset: enabled)
     Active: active (running) since Mon 2026-07-06 12:50:25 UTC; 33s ago
   Main PID: 4314 (ZEDX_Daemon)
      Tasks: 5 (limit: 18452)
     Memory: 532.0K
        CPU: 82ms
     CGroup: /system.slice/zed_x_daemon.service
             └─4314 /usr/sbin/ZEDX_Daemon

Jul 06 12:50:25 tegra-ubuntu systemd[1]: Started ZED-X Daemon service.


################################################
############ ZEDX Driver State     #############
################################################

Note : If the following drivers has a id-state <0, reboot is required

sl_zedxone_uhd         40960  0
sl_zedx                28672  0
sl_zedxhdr             24576  0
sl_max9295             16384  3 sl_zedxhdr,sl_zedxone_uhd,sl_zedx
sl_max9296             36864  4 sl_zedxhdr,sl_zedxone_uhd,sl_max9295,sl_zedx
tegra_camera          217088  6 nvhost_isp5,nvhost_nvcsi_t194,sl_zedxhdr,sl_zedxone_uhd,nvhost_vi5,sl_zedx
videodev              249856  7 v4l2_async,sl_zedxhdr,videobuf2_v4l2,tegra_camera,sl_zedxone_uhd,videobuf2_common,sl_zedx

################################################
############ I2C Trace  [-l]       #############
################################################

i2c-0	i2c       	3160000.i2c                     	I2C adapter
i2c-1	i2c       	c240000.i2c                     	I2C adapter
i2c-2	i2c       	3180000.i2c                     	I2C adapter
i2c-4	i2c       	Tegra BPMP I2C adapter          	I2C adapter
i2c-5	i2c       	31b0000.i2c                     	I2C adapter
i2c-7	i2c       	c250000.i2c                     	I2C adapter
i2c-9	i2c       	i2c-2-mux (chan_id 1)           	I2C adapter
i2c-10	i2c       	i2c-2-mux (chan_id 0)           	I2C adapter

################################################
############ I2C Trace /dev/i2C-0 #############
################################################

     0  1  2  3  4  5  6  7  8  9  a  b  c  d  e  f
00:                         -- -- -- -- -- -- -- -- 
10: -- -- -- -- -- -- -- -- -- -- -- -- -- -- -- -- 
20: -- -- -- -- -- -- -- -- -- -- -- -- -- -- -- -- 
30: -- -- -- -- -- -- -- -- -- -- -- -- -- -- -- -- 
40: -- -- -- -- -- -- -- -- -- -- -- -- -- -- -- -- 
50: UU -- -- -- -- -- -- -- -- -- -- -- -- -- -- -- 
60: -- -- -- -- -- -- -- -- -- -- -- -- -- -- -- -- 
70: -- -- -- -- -- -- -- --                         

################################################
############ I2C Trace /dev/i2C-1 #############
################################################

     0  1  2  3  4  5  6  7  8  9  a  b  c  d  e  f
00:                         -- -- -- -- -- -- -- -- 
10: -- -- -- -- -- -- -- -- -- -- -- -- -- -- -- -- 
20: -- -- -- -- -- -- -- -- -- -- -- -- -- -- -- -- 
30: -- -- -- -- -- -- -- -- -- -- -- -- -- -- -- -- 
40: UU -- -- -- -- -- -- -- -- -- -- -- -- -- -- -- 
50: -- -- -- -- -- -- -- -- -- -- -- -- -- -- -- -- 
60: -- -- -- -- -- -- -- -- -- -- -- -- -- -- -- -- 
70: -- -- -- -- 74 -- -- --                         

################################################
############ I2C Trace /dev/i2C-2 #############
################################################

     0  1  2  3  4  5  6  7  8  9  a  b  c  d  e  f
00:                         -- -- -- -- -- -- -- -- 
10: -- -- -- -- -- -- -- -- -- -- -- -- -- -- -- -- 
20: -- -- -- -- -- -- -- -- -- -- -- -- -- -- -- -- 
30: -- -- -- -- -- -- -- -- -- -- -- -- -- -- -- -- 
40: -- -- -- -- -- -- -- -- -- -- -- -- -- -- -- -- 
50: -- -- -- -- -- -- -- -- -- -- -- -- -- -- -- -- 
60: -- -- -- -- -- -- -- -- -- -- -- -- -- -- -- -- 
70: -- -- -- -- -- -- -- --                         

>> No bus available at index 3
>> No bus available at index 6
################################################
############ I2C Trace /dev/i2C-7 #############
################################################

     0  1  2  3  4  5  6  7  8  9  a  b  c  d  e  f
00:                         -- -- -- -- -- -- -- -- 
10: -- -- -- -- -- -- -- -- -- 19 -- -- -- -- -- -- 
20: 20 -- -- -- -- -- -- -- 28 -- -- -- -- -- -- -- 
30: -- -- -- -- -- -- -- -- -- -- -- 3b 3c -- -- -- 
40: -- -- -- -- -- -- -- -- 48 49 -- -- -- -- -- -- 
50: -- -- -- -- 54 55 -- -- -- -- -- -- -- -- -- -- 
60: -- -- 62 -- -- -- -- -- -- 69 -- -- -- -- -- -- 
70: -- -- -- -- -- -- -- --                         

>> No bus available at index 8
################################################
############ I2C Trace /dev/i2C-9 #############
################################################

     0  1  2  3  4  5  6  7  8  9  a  b  c  d  e  f
00:                         -- -- -- -- -- -- -- -- 
10: -- -- -- -- -- -- -- -- -- -- -- -- -- -- -- -- 
20: -- -- -- -- -- -- -- -- -- -- -- -- -- -- -- -- 
30: -- -- -- -- -- -- -- -- -- -- -- -- -- -- -- -- 
40: -- -- -- -- -- -- -- -- -- -- -- -- -- -- -- -- 
50: -- -- -- -- -- -- -- -- -- -- -- -- -- -- -- -- 
60: -- -- -- -- -- -- -- -- -- -- -- -- -- -- -- -- 
70: -- -- -- -- -- -- -- --                         

################################################
############ I2C Trace /dev/i2C-10 #############
################################################

     0  1  2  3  4  5  6  7  8  9  a  b  c  d  e  f
00:                         -- -- -- -- -- -- -- -- 
10: -- -- -- -- -- -- -- -- -- -- -- -- -- -- -- -- 
20: -- -- -- -- -- -- -- -- -- -- -- -- -- -- -- -- 
30: -- -- -- -- -- -- -- -- -- -- -- -- -- -- -- -- 
40: -- -- -- -- -- -- -- -- -- -- -- -- -- -- -- -- 
50: -- -- -- -- -- -- -- -- -- -- -- -- -- -- -- -- 
60: -- -- -- -- -- -- -- -- -- -- -- -- -- -- -- -- 
70: -- -- -- -- -- -- -- --                         

>> No bus available at index 11
>> No bus available at index 12
>> No bus available at index 13
>> No bus available at index 14
>> No bus available at index 15
>> No bus available at index 16
>> No bus available at index 30
>> No bus available at index 31
>> No bus available at index 32
>> No bus available at index 33
>> No bus available at index 34
>> No bus available at index 35
>> No bus available at index 36
>> No bus available at index 37
>> No bus available at index 38
>> No bus available at index 39
>> No bus available at index 40
