Created: Mon Jul 6 2026

###########################################
############ ZED SDK VERSION #############
###########################################

ZED SDK Version (Diag): 5.4.0
ZED SDK Version (RT): 5.4.0

###########################################
############ Linux Uname #############
###########################################

Linux tegra-ubuntu 5.15.148-tegra #1 SMP PREEMPT Thu Jan 16 15:09:55 +09 2025 aarch64 aarch64 aarch64 GNU/Linux

###########################################
############ DMESG [ZEDX] LOG #############
###########################################

[   13.926951] sl_max9296 7-0048: sl_max9296_get_cam: zedx camera identified via eeprom
[   13.926968] sl_max9296 7-0048: sl_max9296_probe: zedx camera connected to this port
[   15.251463] sl_max9295 7-0062: probe_serializer: Serializer for zedx detect success
[   15.261053] zedx 7-0020: Driver Version : v1.4.2
[   15.261241] zedx 7-0020: tegracam sensor driver:video3_v2.0.6
[   15.583357] tegra-camrtc-capture-vi tegra-capture-vi: subdev zedx 7-0020 bound
[   15.584902] zedx 7-0020: ZED-X sensor initialisation done
[   15.584910] zedx 7-0020: zedx_probe: Serial Number : 50649148
[   15.584957] zedx 7-0020: zedx_probe: success
[   15.585849] zedx 7-0028: Driver Version : v1.4.2
[   15.586035] zedx 7-0028: tegracam sensor driver:video1_v2.0.6
[   15.907013] tegra-camrtc-capture-vi tegra-capture-vi: subdev zedx 7-0028 bound
[   15.907526] zedx 7-0028: ZED-X sensor initialisation done
[   15.907531] zedx 7-0028: zedx_probe: Serial Number : 50649148
[   15.907564] zedx 7-0028: zedx_probe: success
[  753.963682] tegra-camrtc-capture-vi tegra-capture-vi: subdev zedx 7-0028 unbind
[  753.964093] tegra-camrtc-capture-vi tegra-capture-vi: subdev zedx 7-0020 unbind
[  755.175636] sl_max9296 7-0048: sl_max9296_get_cam: zedx camera identified via eeprom
[  755.175651] sl_max9296 7-0048: sl_max9296_probe: zedx camera connected to this port
[  756.480058] sl_max9295 7-0062: probe_serializer: Serializer for zedx detect success
[  756.490247] zedx 7-0020: Driver Version : v1.4.2
[  756.490421] zedx 7-0020: tegracam sensor driver:video3_v2.0.6
[  756.816937] tegra-camrtc-capture-vi tegra-capture-vi: subdev zedx 7-0020 bound
[  756.817765] zedx 7-0020: ZED-X sensor initialisation done
[  756.817771] zedx 7-0020: zedx_probe: Serial Number : 50649148
[  756.817813] zedx 7-0020: zedx_probe: success
[  756.818400] zedx 7-0028: Driver Version : v1.4.2
[  756.818670] zedx 7-0028: tegracam sensor driver:video1_v2.0.6
[  757.147500] tegra-camrtc-capture-vi tegra-capture-vi: subdev zedx 7-0028 bound
[  757.148183] zedx 7-0028: ZED-X sensor initialisation done
[  757.148190] zedx 7-0028: zedx_probe: Serial Number : 50649148
[  757.148240] zedx 7-0028: zedx_probe: success

###########################################
############ DMESG [MAX9x] LOG #############
###########################################

[   12.892447] sl_max9296 7-0048: Driver Version : v1.4.2
[   12.893333] sl_max9296 7-0048: write_reg_Dser: addr = 0x10, val = 0x80
[   13.926951] sl_max9296 7-0048: sl_max9296_get_cam: zedx camera identified via eeprom
[   13.926964] sl_max9296 7-0048: sl_max9296_probe: Camera connected to GMSL port 0
[   13.926968] sl_max9296 7-0048: sl_max9296_probe: zedx camera connected to this port
[   14.098472] sl_max9296 7-0048: sl_max9296_probe: camera pipeline operational
[   14.919497] sl_max9296 7-0048: No camera found on gmsl 1
[   15.026482] sl_max9296 7-0048: sl_max9296_probe: success 
[   15.032965] sl_max9295 7-0062: Driver Version : v1.4.2
[   15.250474] sl_max9295 7-0062: probe_serializer: Serializer pipeline operational
[   15.251463] sl_max9295 7-0062: probe_serializer: Serializer for zedx detect success
[  754.047579] sl_max9295 7-0062: ZED-X serializer successfully removed
[  754.095659] sl_max9296 7-0048: sl_max9296_remove: success
[  754.144872] sl_max9296 7-0048: Driver Version : v1.4.2
[  754.146050] sl_max9296 7-0048: write_reg_Dser: addr = 0x10, val = 0x80
[  755.175636] sl_max9296 7-0048: sl_max9296_get_cam: zedx camera identified via eeprom
[  755.175647] sl_max9296 7-0048: sl_max9296_probe: Camera connected to GMSL port 0
[  755.175651] sl_max9296 7-0048: sl_max9296_probe: zedx camera connected to this port
[  755.342726] sl_max9296 7-0048: sl_max9296_probe: camera pipeline operational
[  756.152115] sl_max9296 7-0048: No camera found on gmsl 1
[  756.258675] sl_max9296 7-0048: sl_max9296_probe: success 
[  756.265176] sl_max9295 7-0062: Driver Version : v1.4.2
[  756.478683] sl_max9295 7-0062: probe_serializer: Serializer pipeline operational
[  756.480058] sl_max9295 7-0062: probe_serializer: Serializer for zedx detect success

###########################################
############ DMESG [PCA] LOG #############
###########################################


###########################################
############ DMESG [DTS] LOG #############
###########################################


###########################################
############ DTB list original  ###########
###########################################

/boot/dtb/kernel_tegra234-p3768-0000+p3767-0000-nv.dtb
/boot/dtb/kernel_tegra234-p3768-0000+p3767-0000-nv-super.dtb

/boot/dtb/disabled:
eup-imx390-fixed.dtb

###########################################
############ DTB list SLabs     ###########
###########################################

board.py
extlinux.py
fio.py
Headers
Jetson
Linux
__pycache__
Utils
zlconfig

###########################################
############ EXTlinux file      ###########
###########################################

TIMEOUT 30
DEFAULT Stereolabs

MENU TITLE L4T boot options

LABEL primary
      MENU LABEL primary kernel
      LINUX /boot/Image
      INITRD /boot/initrd
      APPEND ${cbootargs} root=PARTUUID=6d107070-f543-48ce-b710-69806852a045 rw rootwait rootfstype=ext4 mminit_loglevel=4 console=ttyTCU0,115200 firmware_class.path=/etc/firmware fbcon=map:0 nospectre_bhb video=efifb:off console=tty0 net.ifnames=0 

# When testing a custom kernel, it is recommended that you create a backup of
# the original kernel and add a new entry to this file so that the device can
# fallback to the original kernel. To do this:
#
# 1, Make a backup of the original kernel
#      sudo cp /boot/Image /boot/Image.backup
#
# 2, Copy your custom kernel into /boot/Image
#
# 3, Uncomment below menu setting lines for the original kernel
#
# 4, Reboot

# LABEL backup
#    MENU LABEL backup kernel
#    LINUX /boot/Image.backup
#    INITRD /boot/initrd
#    APPEND ${cbootargs}

LABEL Stereolabs
	MENU LABEL Stereolabs kernel
	LINUX /boot/Image
	FDT /boot/kernel_tegra234-p3768-0000+p3767-0000-nv-super-rtso3002-zedlink-mono-cam1-no-m2wake.dtb
	INITRD /boot/initrd
	APPEND ${cbootargs} root=PARTUUID=6d107070-f543-48ce-b710-69806852a045 rw rootwait rootfstype=ext4 mminit_loglevel=4 console=ttyTCU0,115200 firmware_class.path=/etc/firmware fbcon=map:0 nospectre_bhb video=efifb:off console=tty0 net.ifnames=0


###########################################
############ Jetpack      ###########
###########################################

# R36 (release), REVISION: 4.3, GCID: 38968081, BOARD: generic, EABI: aarch64, DATE: Wed Jan  8 01:49:37 UTC 2025
# KERNEL_VARIANT: oot
TARGET_USERSPACE_LIB_DIR=nvidia
TARGET_USERSPACE_LIB_DIR_PATH=usr/lib/aarch64-linux-gnu/nvidia

###########################################
############ Dpkg list      ###########
###########################################

ii  stereolabs-zedlink-mono                           1.4.2-SL-MAX9296-L4T36.4.0                  arm64        NVIDIA Kernel DTB Modified Package by Stereolabs


####################################
############ Driver list ###########
####################################

/usr/lib/modules/5.15.148-tegra/kernel/drivers/stereolabs/max9296/sl_max9296.ko==> exists
/usr/lib/modules/5.15.148-tegra/kernel/drivers/stereolabs/zedx/sl_zedx.ko==> exists
/usr/lib/modules/5.15.148-tegra/kernel/drivers/stereolabs/zedone4k/sl_zedxone_uhd.ko==> exists
/usr/lib/modules/5.15.148-tegra/kernel/drivers/stereolabs/max9295/sl_max9295.ko==> exists

################################################
############ ZEDX Daemon Status LS #############
################################################

● zed_x_daemon.service - ZED-X Daemon service
     Loaded: loaded (/etc/systemd/system/zed_x_daemon.service; enabled; vendor preset: enabled)
     Active: active (running) since Mon 2026-07-06 13:10:27 UTC; 13s ago
   Main PID: 7061 (ZEDX_Daemon)
      Tasks: 5 (limit: 18452)
     Memory: 2.5M
        CPU: 32ms
     CGroup: /system.slice/zed_x_daemon.service
             └─7061 /usr/sbin/ZEDX_Daemon

Jul 06 13:10:27 tegra-ubuntu systemd[1]: Started ZED-X Daemon service.


################################################
############ ZEDX Driver State     #############
################################################

Note : If the following drivers has a id-state <0, reboot is required

sl_zedxone_uhd         40960  0
sl_zedx                28672  0
sl_zedxhdr             24576  0
sl_max9295             16384  3 sl_zedxhdr,sl_zedxone_uhd,sl_zedx
sl_max9296             36864  4 sl_zedxhdr,sl_zedxone_uhd,sl_max9295,sl_zedx
tegra_camera          217088  6 nvhost_isp5,nvhost_nvcsi_t194,sl_zedxhdr,sl_zedxone_uhd,nvhost_vi5,sl_zedx
videodev              249856  7 v4l2_async,sl_zedxhdr,videobuf2_v4l2,tegra_camera,sl_zedxone_uhd,videobuf2_common,sl_zedx

################################################
############ I2C Trace  [-l]       #############
################################################

i2c-0	i2c       	3160000.i2c                     	I2C adapter
i2c-1	i2c       	c240000.i2c                     	I2C adapter
i2c-2	i2c       	3180000.i2c                     	I2C adapter
i2c-4	i2c       	Tegra BPMP I2C adapter          	I2C adapter
i2c-5	i2c       	31b0000.i2c                     	I2C adapter
i2c-7	i2c       	c250000.i2c                     	I2C adapter

################################################
############ I2C Trace /dev/i2C-0 #############
################################################

     0  1  2  3  4  5  6  7  8  9  a  b  c  d  e  f
00:                         -- -- -- -- -- -- -- -- 
10: -- -- -- -- -- -- -- -- -- -- -- -- -- -- -- -- 
20: -- -- -- -- -- -- -- -- -- -- -- -- -- -- -- -- 
30: -- -- -- -- -- -- -- -- -- -- -- -- -- -- -- -- 
40: -- -- -- -- -- -- -- -- -- -- -- -- -- -- -- -- 
50: UU -- -- -- -- -- -- -- -- -- -- -- -- -- -- -- 
60: -- -- -- -- -- -- -- -- -- -- -- -- -- -- -- -- 
70: -- -- -- -- -- -- -- --                         

################################################
############ I2C Trace /dev/i2C-1 #############
################################################

     0  1  2  3  4  5  6  7  8  9  a  b  c  d  e  f
00:                         -- -- -- -- -- -- -- -- 
10: -- -- -- -- -- -- -- -- -- -- -- -- -- -- -- -- 
20: -- -- -- -- -- -- -- -- -- -- -- -- -- -- -- -- 
30: -- -- -- -- -- -- -- -- -- -- -- -- -- -- -- -- 
40: UU -- -- -- -- -- -- -- -- -- -- -- -- -- -- -- 
50: -- -- -- -- -- -- -- -- -- -- -- -- -- -- -- -- 
60: -- -- -- -- -- -- -- -- -- -- -- -- -- -- -- -- 
70: -- -- -- -- 74 -- -- --                         

################################################
############ I2C Trace /dev/i2C-2 #############
################################################

     0  1  2  3  4  5  6  7  8  9  a  b  c  d  e  f
00:                         -- -- -- -- -- -- -- -- 
10: -- -- -- -- -- -- -- -- -- -- -- -- -- -- -- -- 
20: -- -- -- -- -- -- -- -- -- -- -- -- -- -- -- -- 
30: -- -- -- -- -- -- -- -- -- -- -- -- -- -- -- -- 
40: -- -- -- -- -- -- -- -- -- -- -- -- -- -- -- -- 
50: -- -- -- -- -- -- -- -- -- -- -- -- -- -- -- -- 
60: -- -- -- -- -- -- -- -- -- -- -- -- -- -- -- -- 
70: -- -- -- -- -- -- -- --                         

>> No bus available at index 3
>> No bus available at index 6
################################################
############ I2C Trace /dev/i2C-7 #############
################################################

     0  1  2  3  4  5  6  7  8  9  a  b  c  d  e  f
00:                         -- -- -- -- -- -- -- -- 
10: -- -- -- -- -- -- -- -- -- 19 -- -- -- -- -- -- 
20: UU -- -- -- -- -- -- -- UU -- -- -- -- -- -- -- 
30: -- -- -- -- -- -- -- -- -- -- -- UU 3c -- -- -- 
40: -- -- -- -- -- -- -- -- UU 49 -- -- -- -- -- -- 
50: -- -- -- -- 54 55 -- -- -- -- -- -- -- -- -- -- 
60: -- -- UU -- -- -- -- -- -- 69 -- -- -- -- -- -- 
70: -- -- -- -- -- -- -- --                         

>> No bus available at index 8
>> No bus available at index 9
>> No bus available at index 10
>> No bus available at index 11
>> No bus available at index 12
>> No bus available at index 13
>> No bus available at index 14
>> No bus available at index 15
>> No bus available at index 16
>> No bus available at index 30
>> No bus available at index 31
>> No bus available at index 32
>> No bus available at index 33
>> No bus available at index 34
>> No bus available at index 35
>> No bus available at index 36
>> No bus available at index 37
>> No bus available at index 38
>> No bus available at index 39
>> No bus available at index 40
