Created: Mon Jul 6 2026

###########################################
############ ZED SDK VERSION #############
###########################################

ZED SDK Version (Diag): 5.4.0
ZED SDK Version (RT): 5.4.0

###########################################
############ Linux Uname #############
###########################################

Linux tegra-ubuntu 5.15.148-tegra #1 SMP PREEMPT Thu Jan 16 15:09:55 +09 2025 aarch64 aarch64 aarch64 GNU/Linux

###########################################
############ DMESG [ZEDX] LOG #############
###########################################

[   14.235340] sl_max9296 7-0048: sl_max9296_get_cam: zedx camera identified via eeprom
[   14.235361] sl_max9296 7-0048: sl_max9296_probe: zedx camera connected to this port
[   15.547800] sl_max9295 7-0062: probe_serializer: Serializer for zedx detect success
[   15.558766] zedx 7-0020: Driver Version : v1.4.2
[   15.558978] zedx 7-0020: tegracam sensor driver:video3_v2.0.6
[   15.891196] tegra-camrtc-capture-vi tegra-capture-vi: subdev zedx 7-0020 bound
[   15.892083] zedx 7-0020: ZED-X sensor initialisation done
[   15.892089] zedx 7-0020: zedx_probe: Serial Number : 50649148
[   15.892147] zedx 7-0020: zedx_probe: success
[   15.893036] zedx 7-0028: Driver Version : v1.4.2
[   15.893309] zedx 7-0028: tegracam sensor driver:video1_v2.0.6
[   16.223126] tegra-camrtc-capture-vi tegra-capture-vi: subdev zedx 7-0028 bound
[   16.223727] zedx 7-0028: ZED-X sensor initialisation done
[   16.223732] zedx 7-0028: zedx_probe: Serial Number : 50649148
[   16.223765] zedx 7-0028: zedx_probe: success
[   84.491687] tegra-camrtc-capture-vi tegra-capture-vi: subdev zedx 7-0028 unbind
[   84.492156] tegra-camrtc-capture-vi tegra-capture-vi: subdev zedx 7-0020 unbind
[   85.695671] sl_max9296 7-0048: sl_max9296_get_cam: zedx camera identified via eeprom
[   85.695689] sl_max9296 7-0048: sl_max9296_probe: zedx camera connected to this port
[   86.995751] sl_max9295 7-0062: probe_serializer: Serializer for zedx detect success
[   87.005603] zedx 7-0020: Driver Version : v1.4.2
[   87.005793] zedx 7-0020: tegracam sensor driver:video3_v2.0.6
[   87.327624] tegra-camrtc-capture-vi tegra-capture-vi: subdev zedx 7-0020 bound
[   87.328431] zedx 7-0020: ZED-X sensor initialisation done
[   87.328437] zedx 7-0020: zedx_probe: Serial Number : 50649148
[   87.328548] zedx 7-0020: zedx_probe: success
[   87.329041] zedx 7-0028: Driver Version : v1.4.2
[   87.329287] zedx 7-0028: tegracam sensor driver:video1_v2.0.6
[   87.651704] tegra-camrtc-capture-vi tegra-capture-vi: subdev zedx 7-0028 bound
[   87.652361] zedx 7-0028: ZED-X sensor initialisation done
[   87.652369] zedx 7-0028: zedx_probe: Serial Number : 50649148
[   87.652428] zedx 7-0028: zedx_probe: success
[  409.709454] tegra-camrtc-capture-vi tegra-capture-vi: subdev zedx 7-0028 unbind
[  409.710818] tegra-camrtc-capture-vi tegra-capture-vi: subdev zedx 7-0020 unbind
[  410.903924] sl_max9296 7-0048: sl_max9296_get_cam: zedx camera identified via eeprom
[  410.903940] sl_max9296 7-0048: sl_max9296_probe: zedx camera connected to this port
[  412.201320] sl_max9295 7-0062: probe_serializer: Serializer for zedx detect success
[  412.212450] zedx 7-0020: Driver Version : v1.4.2
[  412.212622] zedx 7-0020: tegracam sensor driver:video3_v2.0.6
[  412.537268] tegra-camrtc-capture-vi tegra-capture-vi: subdev zedx 7-0020 bound
[  412.538252] zedx 7-0020: ZED-X sensor initialisation done
[  412.538261] zedx 7-0020: zedx_probe: Serial Number : 50649148
[  412.538341] zedx 7-0020: zedx_probe: success
[  412.538800] zedx 7-0028: Driver Version : v1.4.2
[  412.539143] zedx 7-0028: tegracam sensor driver:video1_v2.0.6
[  412.861248] tegra-camrtc-capture-vi tegra-capture-vi: subdev zedx 7-0028 bound
[  412.861822] zedx 7-0028: ZED-X sensor initialisation done
[  412.861828] zedx 7-0028: zedx_probe: Serial Number : 50649148
[  412.861875] zedx 7-0028: zedx_probe: success
[  718.866289] tegra-camrtc-capture-vi tegra-capture-vi: subdev zedx 7-0028 unbind
[  718.866670] tegra-camrtc-capture-vi tegra-capture-vi: subdev zedx 7-0020 unbind
[  720.069831] sl_max9296 7-0048: sl_max9296_get_cam: zedx camera identified via eeprom
[  720.069848] sl_max9296 7-0048: sl_max9296_probe: zedx camera connected to this port
[  721.374292] sl_max9295 7-0062: probe_serializer: Serializer for zedx detect success
[  721.384756] zedx 7-0020: Driver Version : v1.4.2
[  721.384933] zedx 7-0020: tegracam sensor driver:video3_v2.0.6
[  721.705947] tegra-camrtc-capture-vi tegra-capture-vi: subdev zedx 7-0020 bound
[  721.707388] zedx 7-0020: ZED-X sensor initialisation done
[  721.707393] zedx 7-0020: zedx_probe: Serial Number : 50649148
[  721.707551] zedx 7-0020: zedx_probe: success
[  721.708012] zedx 7-0028: Driver Version : v1.4.2
[  721.708201] zedx 7-0028: tegracam sensor driver:video1_v2.0.6
[  722.030283] tegra-camrtc-capture-vi tegra-capture-vi: subdev zedx 7-0028 bound
[  722.030990] zedx 7-0028: ZED-X sensor initialisation done
[  722.030996] zedx 7-0028: zedx_probe: Serial Number : 50649148
[  722.031034] zedx 7-0028: zedx_probe: success
[ 1117.885074] tegra-camrtc-capture-vi tegra-capture-vi: subdev zedx 7-0028 unbind
[ 1117.886618] tegra-camrtc-capture-vi tegra-capture-vi: subdev zedx 7-0020 unbind
[ 1119.076871] sl_max9296 7-0048: sl_max9296_get_cam: zedx camera identified via eeprom
[ 1119.076890] sl_max9296 7-0048: sl_max9296_probe: zedx camera connected to this port
[ 1120.393698] sl_max9295 7-0062: probe_serializer: Serializer for zedx detect success
[ 1120.403607] zedx 7-0020: Driver Version : v1.4.2
[ 1120.403815] zedx 7-0020: tegracam sensor driver:video3_v2.0.6
[ 1120.725215] tegra-camrtc-capture-vi tegra-capture-vi: subdev zedx 7-0020 bound
[ 1120.726194] zedx 7-0020: ZED-X sensor initialisation done
[ 1120.726200] zedx 7-0020: zedx_probe: Serial Number : 50649148
[ 1120.726239] zedx 7-0020: zedx_probe: success
[ 1120.726968] zedx 7-0028: Driver Version : v1.4.2
[ 1120.727162] zedx 7-0028: tegracam sensor driver:video1_v2.0.6
[ 1121.049824] tegra-camrtc-capture-vi tegra-capture-vi: subdev zedx 7-0028 bound
[ 1121.050277] zedx 7-0028: ZED-X sensor initialisation done
[ 1121.050280] zedx 7-0028: zedx_probe: Serial Number : 50649148
[ 1121.050306] zedx 7-0028: zedx_probe: success

###########################################
############ DMESG [MAX9x] LOG #############
###########################################

[   13.197391] sl_max9296 7-0048: Driver Version : v1.4.2
[   13.198395] sl_max9296 7-0048: write_reg_Dser: addr = 0x10, val = 0x80
[   14.235340] sl_max9296 7-0048: sl_max9296_get_cam: zedx camera identified via eeprom
[   14.235355] sl_max9296 7-0048: sl_max9296_probe: Camera connected to GMSL port 0
[   14.235361] sl_max9296 7-0048: sl_max9296_probe: zedx camera connected to this port
[   14.406951] sl_max9296 7-0048: sl_max9296_probe: camera pipeline operational
[   15.220040] sl_max9296 7-0048: No camera found on gmsl 1
[   15.326949] sl_max9296 7-0048: sl_max9296_probe: success 
[   15.333463] sl_max9295 7-0062: Driver Version : v1.4.2
[   15.546961] sl_max9295 7-0062: probe_serializer: Serializer pipeline operational
[   15.547800] sl_max9295 7-0062: probe_serializer: Serializer for zedx detect success
[   84.574963] sl_max9295 7-0062: ZED-X serializer successfully removed
[   84.611354] sl_max9296 7-0048: sl_max9296_remove: success
[   84.660388] sl_max9296 7-0048: Driver Version : v1.4.2
[   84.661014] sl_max9296 7-0048: write_reg_Dser: addr = 0x10, val = 0x80
[   85.695671] sl_max9296 7-0048: sl_max9296_get_cam: zedx camera identified via eeprom
[   85.695685] sl_max9296 7-0048: sl_max9296_probe: Camera connected to GMSL port 0
[   85.695689] sl_max9296 7-0048: sl_max9296_probe: zedx camera connected to this port
[   85.862936] sl_max9296 7-0048: sl_max9296_probe: camera pipeline operational
[   86.667460] sl_max9296 7-0048: No camera found on gmsl 1
[   86.774944] sl_max9296 7-0048: sl_max9296_probe: success 
[   86.780692] sl_max9295 7-0062: Driver Version : v1.4.2
[   86.994938] sl_max9295 7-0062: probe_serializer: Serializer pipeline operational
[   86.995751] sl_max9295 7-0062: probe_serializer: Serializer for zedx detect success
[  409.795272] sl_max9295 7-0062: ZED-X serializer successfully removed
[  409.823462] sl_max9296 7-0048: sl_max9296_remove: success
[  409.872678] sl_max9296 7-0048: Driver Version : v1.4.2
[  409.873311] sl_max9296 7-0048: write_reg_Dser: addr = 0x10, val = 0x80
[  410.903924] sl_max9296 7-0048: sl_max9296_get_cam: zedx camera identified via eeprom
[  410.903937] sl_max9296 7-0048: sl_max9296_probe: Camera connected to GMSL port 0
[  410.903940] sl_max9296 7-0048: sl_max9296_probe: zedx camera connected to this port
[  411.071551] sl_max9296 7-0048: sl_max9296_probe: camera pipeline operational
[  411.872593] sl_max9296 7-0048: No camera found on gmsl 1
[  411.979566] sl_max9296 7-0048: sl_max9296_probe: success 
[  411.985808] sl_max9295 7-0062: Driver Version : v1.4.2
[  412.199757] sl_max9295 7-0062: probe_serializer: Serializer pipeline operational
[  412.201320] sl_max9295 7-0062: probe_serializer: Serializer for zedx detect success
[  718.958564] sl_max9295 7-0062: ZED-X serializer successfully removed
[  718.986164] sl_max9296 7-0048: sl_max9296_remove: success
[  719.031148] sl_max9296 7-0048: Driver Version : v1.4.2
[  719.032340] sl_max9296 7-0048: write_reg_Dser: addr = 0x10, val = 0x80
[  720.069831] sl_max9296 7-0048: sl_max9296_get_cam: zedx camera identified via eeprom
[  720.069844] sl_max9296 7-0048: sl_max9296_probe: Camera connected to GMSL port 0
[  720.069848] sl_max9296 7-0048: sl_max9296_probe: zedx camera connected to this port
[  720.241470] sl_max9296 7-0048: sl_max9296_probe: camera pipeline operational
[  721.045962] sl_max9296 7-0048: No camera found on gmsl 1
[  721.153445] sl_max9296 7-0048: sl_max9296_probe: success 
[  721.159861] sl_max9295 7-0062: Driver Version : v1.4.2
[  721.373439] sl_max9295 7-0062: probe_serializer: Serializer pipeline operational
[  721.374292] sl_max9295 7-0062: probe_serializer: Serializer for zedx detect success
[ 1117.944963] sl_max9295 7-0062: ZED-X serializer successfully removed
[ 1117.993107] sl_max9296 7-0048: sl_max9296_remove: success
[ 1118.046475] sl_max9296 7-0048: Driver Version : v1.4.2
[ 1118.047543] sl_max9296 7-0048: write_reg_Dser: addr = 0x10, val = 0x80
[ 1119.076871] sl_max9296 7-0048: sl_max9296_get_cam: zedx camera identified via eeprom
[ 1119.076884] sl_max9296 7-0048: sl_max9296_probe: Camera connected to GMSL port 0
[ 1119.076890] sl_max9296 7-0048: sl_max9296_probe: zedx camera connected to this port
[ 1119.244479] sl_max9296 7-0048: sl_max9296_probe: camera pipeline operational
[ 1120.057089] sl_max9296 7-0048: No camera found on gmsl 1
[ 1120.164457] sl_max9296 7-0048: sl_max9296_probe: success 
[ 1120.172411] sl_max9295 7-0062: Driver Version : v1.4.2
[ 1120.392677] sl_max9295 7-0062: probe_serializer: Serializer pipeline operational
[ 1120.393698] sl_max9295 7-0062: probe_serializer: Serializer for zedx detect success

###########################################
############ DMESG [PCA] LOG #############
###########################################


###########################################
############ DMESG [DTS] LOG #############
###########################################


###########################################
############ DTB list original  ###########
###########################################

/boot/dtb/kernel_tegra234-p3768-0000+p3767-0000-nv.dtb
/boot/dtb/kernel_tegra234-p3768-0000+p3767-0000-nv-super.dtb

/boot/dtb/disabled:
eup-imx390-fixed.dtb

###########################################
############ DTB list SLabs     ###########
###########################################

board.py
extlinux.py
fio.py
Headers
Jetson
Linux
__pycache__
Utils
zlconfig

###########################################
############ EXTlinux file      ###########
###########################################

TIMEOUT 30
DEFAULT Stereolabs

MENU TITLE L4T boot options

LABEL primary
      MENU LABEL primary kernel
      LINUX /boot/Image
      INITRD /boot/initrd
      APPEND ${cbootargs} root=PARTUUID=6d107070-f543-48ce-b710-69806852a045 rw rootwait rootfstype=ext4 mminit_loglevel=4 console=ttyTCU0,115200 firmware_class.path=/etc/firmware fbcon=map:0 nospectre_bhb video=efifb:off console=tty0 net.ifnames=0 

# When testing a custom kernel, it is recommended that you create a backup of
# the original kernel and add a new entry to this file so that the device can
# fallback to the original kernel. To do this:
#
# 1, Make a backup of the original kernel
#      sudo cp /boot/Image /boot/Image.backup
#
# 2, Copy your custom kernel into /boot/Image
#
# 3, Uncomment below menu setting lines for the original kernel
#
# 4, Reboot

# LABEL backup
#    MENU LABEL backup kernel
#    LINUX /boot/Image.backup
#    INITRD /boot/initrd
#    APPEND ${cbootargs}

LABEL Stereolabs
	MENU LABEL Stereolabs kernel
	LINUX /boot/Image
	FDT /boot/kernel_tegra234-p3768-0000+p3767-0000-nv-super-rtso3002-zedlink-mono-cam1-no-m2wake.dtb
	INITRD /boot/initrd
	APPEND ${cbootargs} root=PARTUUID=6d107070-f543-48ce-b710-69806852a045 rw rootwait rootfstype=ext4 mminit_loglevel=4 console=ttyTCU0,115200 firmware_class.path=/etc/firmware fbcon=map:0 nospectre_bhb video=efifb:off console=tty0 net.ifnames=0


###########################################
############ Jetpack      ###########
###########################################

# R36 (release), REVISION: 4.3, GCID: 38968081, BOARD: generic, EABI: aarch64, DATE: Wed Jan  8 01:49:37 UTC 2025
# KERNEL_VARIANT: oot
TARGET_USERSPACE_LIB_DIR=nvidia
TARGET_USERSPACE_LIB_DIR_PATH=usr/lib/aarch64-linux-gnu/nvidia

###########################################
############ Dpkg list      ###########
###########################################

ii  stereolabs-zedlink-mono                           1.4.2-SL-MAX9296-L4T36.4.0                  arm64        NVIDIA Kernel DTB Modified Package by Stereolabs


####################################
############ Driver list ###########
####################################

/usr/lib/modules/5.15.148-tegra/kernel/drivers/stereolabs/max9296/sl_max9296.ko==> exists
/usr/lib/modules/5.15.148-tegra/kernel/drivers/stereolabs/zedx/sl_zedx.ko==> exists
/usr/lib/modules/5.15.148-tegra/kernel/drivers/stereolabs/zedone4k/sl_zedxone_uhd.ko==> exists
/usr/lib/modules/5.15.148-tegra/kernel/drivers/stereolabs/max9295/sl_max9295.ko==> exists

################################################
############ ZEDX Daemon Status LS #############
################################################

● zed_x_daemon.service - ZED-X Daemon service
     Loaded: loaded (/etc/systemd/system/zed_x_daemon.service; enabled; vendor preset: enabled)
     Active: active (running) since Mon 2026-07-06 12:36:01 UTC; 23s ago
   Main PID: 7214 (ZEDX_Daemon)
      Tasks: 5 (limit: 18452)
     Memory: 532.0K
        CPU: 50ms
     CGroup: /system.slice/zed_x_daemon.service
             └─7214 /usr/sbin/ZEDX_Daemon

Jul 06 12:36:01 tegra-ubuntu systemd[1]: Started ZED-X Daemon service.


################################################
############ ZEDX Driver State     #############
################################################

Note : If the following drivers has a id-state <0, reboot is required

sl_zedxone_uhd         40960  0
sl_zedx                28672  0
sl_zedxhdr             24576  0
sl_max9295             16384  3 sl_zedxhdr,sl_zedxone_uhd,sl_zedx
sl_max9296             36864  4 sl_zedxhdr,sl_zedxone_uhd,sl_max9295,sl_zedx
tegra_camera          217088  6 nvhost_isp5,nvhost_nvcsi_t194,sl_zedxhdr,sl_zedxone_uhd,nvhost_vi5,sl_zedx
videodev              249856  7 v4l2_async,sl_zedxhdr,videobuf2_v4l2,tegra_camera,sl_zedxone_uhd,videobuf2_common,sl_zedx

################################################
############ I2C Trace  [-l]       #############
################################################

i2c-0	i2c       	3160000.i2c                     	I2C adapter
i2c-1	i2c       	c240000.i2c                     	I2C adapter
i2c-2	i2c       	3180000.i2c                     	I2C adapter
i2c-4	i2c       	Tegra BPMP I2C adapter          	I2C adapter
i2c-5	i2c       	31b0000.i2c                     	I2C adapter
i2c-7	i2c       	c250000.i2c                     	I2C adapter

################################################
############ I2C Trace /dev/i2C-0 #############
################################################

     0  1  2  3  4  5  6  7  8  9  a  b  c  d  e  f
00:                         -- -- -- -- -- -- -- -- 
10: -- -- -- -- -- -- -- -- -- -- -- -- -- -- -- -- 
20: -- -- -- -- -- -- -- -- -- -- -- -- -- -- -- -- 
30: -- -- -- -- -- -- -- -- -- -- -- -- -- -- -- -- 
40: -- -- -- -- -- -- -- -- -- -- -- -- -- -- -- -- 
50: UU -- -- -- -- -- -- -- -- -- -- -- -- -- -- -- 
60: -- -- -- -- -- -- -- -- -- -- -- -- -- -- -- -- 
70: -- -- -- -- -- -- -- --                         

################################################
############ I2C Trace /dev/i2C-1 #############
################################################

     0  1  2  3  4  5  6  7  8  9  a  b  c  d  e  f
00:                         -- -- -- -- -- -- -- -- 
10: -- -- -- -- -- -- -- -- -- -- -- -- -- -- -- -- 
20: -- -- -- -- -- -- -- -- -- -- -- -- -- -- -- -- 
30: -- -- -- -- -- -- -- -- -- -- -- -- -- -- -- -- 
40: UU -- -- -- -- -- -- -- -- -- -- -- -- -- -- -- 
50: -- -- -- -- -- -- -- -- -- -- -- -- -- -- -- -- 
60: -- -- -- -- -- -- -- -- -- -- -- -- -- -- -- -- 
70: -- -- -- -- 74 -- -- --                         

################################################
############ I2C Trace /dev/i2C-2 #############
################################################

     0  1  2  3  4  5  6  7  8  9  a  b  c  d  e  f
00:                         -- -- -- -- -- -- -- -- 
10: -- -- -- -- -- -- -- -- -- -- -- -- -- -- -- -- 
20: -- -- -- -- -- -- -- -- -- -- -- -- -- -- -- -- 
30: -- -- -- -- -- -- -- -- -- -- -- -- -- -- -- -- 
40: -- -- -- -- -- -- -- -- -- -- -- -- -- -- -- -- 
50: -- -- -- -- -- -- -- -- -- -- -- -- -- -- -- -- 
60: -- -- -- -- -- -- -- -- -- -- -- -- -- -- -- -- 
70: -- -- -- -- -- -- -- --                         

>> No bus available at index 3
>> No bus available at index 6
################################################
############ I2C Trace /dev/i2C-7 #############
################################################

     0  1  2  3  4  5  6  7  8  9  a  b  c  d  e  f
00:                         -- -- -- -- -- -- -- -- 
10: -- -- -- -- -- -- -- -- -- 19 -- -- -- -- -- -- 
20: UU -- -- -- -- -- -- -- UU -- -- -- -- -- -- -- 
30: -- -- -- -- -- -- -- -- -- -- -- UU 3c -- -- -- 
40: -- -- -- -- -- -- -- -- UU 49 -- -- -- -- -- -- 
50: -- -- -- -- 54 55 -- -- -- -- -- -- -- -- -- -- 
60: -- -- UU -- -- -- -- -- -- 69 -- -- -- -- -- -- 
70: -- -- -- -- -- -- -- --                         

>> No bus available at index 8
>> No bus available at index 9
>> No bus available at index 10
>> No bus available at index 11
>> No bus available at index 12
>> No bus available at index 13
>> No bus available at index 14
>> No bus available at index 15
>> No bus available at index 16
>> No bus available at index 30
>> No bus available at index 31
>> No bus available at index 32
>> No bus available at index 33
>> No bus available at index 34
>> No bus available at index 35
>> No bus available at index 36
>> No bus available at index 37
>> No bus available at index 38
>> No bus available at index 39
>> No bus available at index 40
